cargo :    Compiling utxo v0.1.0 (C:\Users\uzivatel 1\OneDrive\Dokumenty\Coding Projects\pq-priv\
crates\utxo)
At line:1 char:1
+ cargo test --workspace 2>&1 | Out-File -FilePath test-results.txt
+ ~~~~~~~~~~~~~~~~~~~~~~~~~~~
    + CategoryInfo          : NotSpecified: (   Compiling ut...iv\crates\utxo):String) [], Remot 
   eException
    + FullyQualifiedErrorId : NativeCommandError
 
   Compiling node v0.1.0 (C:\Users\uzivatel 1\OneDrive\Dokumenty\Coding Projects\pq-priv\crates\n
ode)
error[E0308]: mismatched types
  --> crates\utxo\tests\batch_verify_integration.rs:99:9
   |
97 |     Output::new(
   |     ----------- arguments to this function are incorrect
98 |         vec![0xAA; 64], // stealth_blob
99 |         value_commitment,
   |         ^^^^^^^^^^^^^^^^ expected `u64`, found `[u8; 32]`
   |
note: associated function defined here
  --> C:\Users\uzivatel 1\OneDrive\Dokumenty\Coding Projects\pq-priv\crates\tx\src\lib.rs:65:12
   |
65 |     pub fn new(stealth_blob: Vec<u8>, value: u64, output_meta: OutputMeta) -> Self {
   |            ^^^

For more information about this error, try `rustc --explain E0308`.
error: could not compile `utxo` (test "batch_verify_integration") due to 1 previous error
warning: build failed, waiting for other jobs to finish...
